// Jest Snapshot v1, https://goo.gl/fbAQLP

exports[`AdminNav renders panel with icons 1`] = `
<div>
  <nav
    class="bg-gray-50 border-b py-1"
  >
    <ul
      class="flex justify-center gap-4 text-gray-600 text-sm"
    >
      <li>
        <span
          class="relative inline-block group"
        >
          <svg
            aria-label="Профиль"
            class="lucide lucide-user w-5 h-5"
            fill="none"
            height="24"
            stroke="currentColor"
            stroke-linecap="round"
            stroke-linejoin="round"
            stroke-width="2"
            viewBox="0 0 24 24"
            width="24"
            xmlns="http://www.w3.org/2000/svg"
          >
            <path
              d="M19 21v-2a4 4 0 0 0-4-4H9a4 4 0 0 0-4 4v2"
            />
            <circle
              cx="12"
              cy="7"
              r="4"
            />
          </svg>
          <span
            class="pointer-events-none absolute left-1/2 top-full z-10 mt-1 hidden -translate-x-1/2 whitespace-nowrap rounded bg-black px-2 py-1 text-xs text-white group-hover:block"
          >
            admin
          </span>
        </span>
      </li>
      <li>
        <span
          class="relative inline-block group"
        >
          <a
            aria-label="Главная"
            href="/"
          >
            <svg
              class="lucide lucide-home w-5 h-5"
              fill="none"
              height="24"
              stroke="currentColor"
              stroke-linecap="round"
              stroke-linejoin="round"
              stroke-width="2"
              viewBox="0 0 24 24"
              width="24"
              xmlns="http://www.w3.org/2000/svg"
            >
              <path
                d="m3 9 9-7 9 7v11a2 2 0 0 1-2 2H5a2 2 0 0 1-2-2z"
              />
              <polyline
                points="9 22 9 12 15 12 15 22"
              />
            </svg>
          </a>
          <span
            class="pointer-events-none absolute left-1/2 top-full z-10 mt-1 hidden -translate-x-1/2 whitespace-nowrap rounded bg-black px-2 py-1 text-xs text-white group-hover:block"
          >
            Главная
          </span>
        </span>
      </li>
      <li>
        <span
          class="relative inline-block group"
        >
          <a
            aria-label="Создать пост"
            href="/admin/create-post"
          >
            <svg
              class="lucide lucide-circle-plus w-5 h-5"
              fill="none"
              height="24"
              stroke="currentColor"
              stroke-linecap="round"
              stroke-linejoin="round"
              stroke-width="2"
              viewBox="0 0 24 24"
              width="24"
              xmlns="http://www.w3.org/2000/svg"
            >
              <circle
                cx="12"
                cy="12"
                r="10"
              />
              <path
                d="M8 12h8"
              />
              <path
                d="M12 8v8"
              />
            </svg>
          </a>
          <span
            class="pointer-events-none absolute left-1/2 top-full z-10 mt-1 hidden -translate-x-1/2 whitespace-nowrap rounded bg-black px-2 py-1 text-xs text-white group-hover:block"
          >
            Создать пост
          </span>
        </span>
      </li>
      <li>
        <span
          class="relative inline-block group"
        >
          <a
            aria-label="Черновики"
            href="/admin/drafts"
          >
            <svg
              class="lucide lucide-file w-5 h-5"
              fill="none"
              height="24"
              stroke="currentColor"
              stroke-linecap="round"
              stroke-linejoin="round"
              stroke-width="2"
              viewBox="0 0 24 24"
              width="24"
              xmlns="http://www.w3.org/2000/svg"
            >
              <path
                d="M15 2H6a2 2 0 0 0-2 2v16a2 2 0 0 0 2 2h12a2 2 0 0 0 2-2V7Z"
              />
              <path
                d="M14 2v4a2 2 0 0 0 2 2h4"
              />
            </svg>
          </a>
          <span
            class="pointer-events-none absolute left-1/2 top-full z-10 mt-1 hidden -translate-x-1/2 whitespace-nowrap rounded bg-black px-2 py-1 text-xs text-white group-hover:block"
          >
            Черновики
          </span>
        </span>
      </li>
      <li>
        <span
          class="relative inline-block group"
        >
          <button
            aria-label="Выход"
          >
            <svg
              class="lucide lucide-log-out w-5 h-5"
              fill="none"
              height="24"
              stroke="currentColor"
              stroke-linecap="round"
              stroke-linejoin="round"
              stroke-width="2"
              viewBox="0 0 24 24"
              width="24"
              xmlns="http://www.w3.org/2000/svg"
            >
              <path
                d="M9 21H5a2 2 0 0 1-2-2V5a2 2 0 0 1 2-2h4"
              />
              <polyline
                points="16 17 21 12 16 7"
              />
              <line
                x1="21"
                x2="9"
                y1="12"
                y2="12"
              />
            </svg>
          </button>
          <span
            class="pointer-events-none absolute left-1/2 top-full z-10 mt-1 hidden -translate-x-1/2 whitespace-nowrap rounded bg-black px-2 py-1 text-xs text-white group-hover:block"
          >
            Выход
          </span>
        </span>
      </li>
    </ul>
  </nav>
</div>
`;
